bool
int
void
true
false
struct
input
output
if
else
while
return
ID:_123
ID:_abc
ID:_abc123
ID:_asd_123
ID:__
ID:abcd
ID:asd_123
INTLIT:1
INTLIT:23
INTLIT:345
INTLIT:4567
INTLIT:78901
INTLIT:234567
INTLIT:8901234
INTLIT:56789012
INTLIT:2147483646
INTLIT:2147483647
STRINGLIT:""
STRINGLIT:"123?"
STRINGLIT:"344"
STRINGLIT:"&!88"
STRINGLIT:"use \n to denote a newline character"
STRINGLIT:"use \t to denote a tab character"
STRINGLIT:"use \' to denote a single quote character"
STRINGLIT:"use \? to denote a question character"
STRINGLIT:"use \? to denote a question character?"
STRINGLIT:"include a quote like this \" and a backslash like this \\"
STRINGLIT:"'1234'?"
{
}
(
)
;
,
.
<<
>>
++
--
+
-
*
/
!
&&
||
==
!=
<
>
<=
>=
=
STRINGLIT:"123"
STRINGLIT:""
STRINGLIT:"123"
STRINGLIT:"213"
STRINGLIT:"asdf123"
STRINGLIT:"123"
ID:bdsaf
STRINGLIT:""
STRINGLIT:"123"
ID:asd
INTLIT:123
ID:sadf
INTLIT:123
STRINGLIT:""
ID:asd_
ID:_2234sd
INTLIT:123
ID:_asd
STRINGLIT:""
STRINGLIT:""
int
ID:n
;
int
ID:sum
=
INTLIT:0
;
int
ID:i
=
INTLIT:1
;
ID:string
ID:a
=
STRINGLIT:"how many number u need?"
;
input
>>
ID:n
;
while
(
ID:i
<=
ID:n
)
{
ID:sum
=
ID:sum
+
ID:i
;
}
output
<<
ID:sum
;
EOF
